// Jest Snapshot v1, https://goo.gl/fbAQLP

exports[`<Card /> renders this UI as expected 1`] = `
<div
  className="Card"
>
  <h3 />
  <p />
</div>
`;
